[ 2026-06-27 23:54:39,922 ] 19 root - INFO - Starting the data ingestion process...
[ 2026-06-27 23:54:39,933 ] 23 root - INFO - Successfully read the raw tracker CSV file into a DataFrame
[ 2026-06-27 23:54:39,936 ] 27 root - INFO - Dropped records with missing targets. Rows remaining for pipeline: 315
[ 2026-06-27 23:54:39,947 ] 36 root - INFO - Initiating train-test split...
[ 2026-06-27 23:54:39,960 ] 43 root - INFO - Data ingestion and splitting successfully completed!
[ 2026-06-27 23:54:39,994 ] 64 root - INFO - Read train and test data completed
[ 2026-06-27 23:54:39,994 ] 75 root - INFO - Obtaining preprocessing object
[ 2026-06-27 23:54:39,994 ] 43 root - INFO - Numerical columns scaling/imputing: ['aa_intelligence_index', 'aa_coding_index', 'composite_benchmark', 'parameter_count', 'output_tokens_per_second', 'time_to_first_token_s']
[ 2026-06-27 23:54:39,995 ] 44 root - INFO - Categorical columns encoding: ['provider', 'is_open_source']
[ 2026-06-27 23:54:39,997 ] 84 root - INFO - Applying preprocessing object on training and testing dataframes
[ 2026-06-27 23:54:40,041 ] 95 root - INFO - Saving preprocessing object configuration...
[ 2026-06-27 23:54:40,042 ] 24 root - INFO - Splitting training and testing input data
[ 2026-06-27 23:54:40,043 ] 45 root - INFO - Starting model evaluation loop...
[ 2026-06-27 23:54:40,046 ] 57 root - INFO - Linear Regression evaluation complete. Score: 0.3938
[ 2026-06-27 23:54:40,050 ] 57 root - INFO - Lasso evaluation complete. Score: -0.0085
[ 2026-06-27 23:54:40,056 ] 57 root - INFO - Ridge evaluation complete. Score: 0.4620
[ 2026-06-27 23:54:40,274 ] 57 root - INFO - Random Forest evaluation complete. Score: 0.6479
[ 2026-06-27 23:54:40,383 ] 57 root - INFO - Gradient Boosting evaluation complete. Score: 0.5065
[ 2026-06-27 23:54:40,517 ] 57 root - INFO - XGBoost evaluation complete. Score: 0.5499
[ 2026-06-27 23:54:40,518 ] 71 root - INFO - Best model discovered: Random Forest with R2: 0.6479
[ 2026-06-27 23:54:40,527 ] 19 root - INFO - Loading preprocessor and model artifacts...
[ 2026-06-27 23:54:41,111 ] 23 root - INFO - Transforming incoming web features...
[ 2026-06-27 23:54:41,120 ] 27 root - INFO - Executing prediction loop...
